I'm sorry, but errors were detected in your script. Please correct the
errors listed below, and try again.


File "game/cafe_meeting.rpy", line 80: is not terminated with a newline. (Check strings and parenthesis.)
(Perhaps you left out a " at the end of the first line.)
        "

Ren'Py Version: Ren'Py 6.18.3.761
